******************************************************************************
                  TI ARM Linker PC v20.2.7                     
******************************************************************************
>> Linked Wed Jul 31 21:02:37 2024

OUTPUT FILE NAME:   <final_project.out>
ENTRY POINT SYMBOL: "_c_int00_noargs"  address: 00003111


MEMORY CONFIGURATION

         name            origin    length      used     unused   attr    fill
----------------------  --------  ---------  --------  --------  ----  --------
  FLASH                 00000000   00040000  000032cc  0003cd34  R  X
  SRAM                  20000000   00008000  00000216  00007dea  RW X


SEGMENT ALLOCATION MAP

run origin  load origin   length   init length attrs members
----------  ----------- ---------- ----------- ----- -------
00000000    00000000    000032d0   000032d0    r-x
  00000000    00000000    0000026c   0000026c    r-- .intvecs
  0000026c    0000026c    00002f3a   00002f3a    r-x .text
  000031a6    000031a6    00000106   00000106    r-- .const
  000032b0    000032b0    00000020   00000020    r-- .cinit
20000000    20000000    00000216   00000000    rw-
  20000000    20000000    00000200   00000000    rw- .stack
  20000200    20000200    00000016   00000000    rw- .data


SECTION ALLOCATION MAP

 output                                  attributes/
section   page    origin      length       input sections
--------  ----  ----------  ----------   ----------------
.intvecs   0    00000000    0000026c     
                  00000000    0000026c     tm4c123gh6pm_startup_ccs.obj (.intvecs)

.text      0    0000026c    00002f3a     
                  0000026c    00002812     Port.obj (.text)
                  00002a7e    00000002     --HOLE-- [fill = 0]
                  00002a80    0000030c     Dio.obj (.text)
                  00002d8c    000000a8     Os.obj (.text)
                  00002e34    0000009c     rtsv7M4_T_le_v4SPD16_eabi.lib : memcpy_t2.asm.obj (.text)
                  00002ed0    0000007c     Button.obj (.text)
                  00002f4c    0000007c     Gpt.obj (.text)
                  00002fc8    00000068     rtsv7M4_T_le_v4SPD16_eabi.lib : copy_decompress_lzss.c.obj (.text:decompress:lzss:__TI_decompress_lzss)
                  00003030    0000005c     App.obj (.text)
                  0000308c    00000044     rtsv7M4_T_le_v4SPD16_eabi.lib : autoinit.c.obj (.text:__TI_auto_init_nobinit_nopinit:__TI_auto_init_nobinit_nopinit)
                  000030d0    0000003e     Led.obj (.text)
                  0000310e    00000002     --HOLE-- [fill = 0]
                  00003110    00000034     rtsv7M4_T_le_v4SPD16_eabi.lib : boot_cortex_m.c.obj (.text:_c_int00_noargs:_c_int00_noargs)
                  00003144    00000020     Mcu.obj (.text)
                  00003164    00000016     Det.obj (.text)
                  0000317a    0000000e     rtsv7M4_T_le_v4SPD16_eabi.lib : copy_decompress_none.c.obj (.text:decompress:none:__TI_decompress_none)
                  00003188    0000000c     tm4c123gh6pm_startup_ccs.obj (.text)
                  00003194    0000000a     main.obj (.text)
                  0000319e    00000004     rtsv7M4_T_le_v4SPD16_eabi.lib : pre_init.c.obj (.text:_system_pre_init)
                  000031a2    00000004                                   : exit.c.obj (.text:abort:abort)

.const     0    000031a6    00000106     
                  000031a6    00000102     Port_PBcfg.obj (.const:Port_Configuration)
                  000032a8    00000004     Dio_PBcfg.obj (.const:Dio_Configuration)

.cinit     0    000032b0    00000020     
                  000032b0    0000000e     (.cinit..data.load) [load image, compression = lzss]
                  000032be    00000002     --HOLE-- [fill = 0]
                  000032c0    00000008     (__TI_handler_table)
                  000032c8    00000008     (__TI_cinit_table)

.init_array 
*          0    00000000    00000000     UNINITIALIZED

.data      0    20000200    00000016     UNINITIALIZED
                  20000200    00000005     Dio.obj (.data)
                  20000205    00000003     Button.obj (.data)
                  20000208    00000005     Port.obj (.data)
                  2000020d    00000002     App.obj (.data)
                  2000020f    00000001     --HOLE--
                  20000210    00000004     Gpt.obj (.data)
                  20000214    00000002     Os.obj (.data)

.stack     0    20000000    00000200     UNINITIALIZED
                  20000000    00000004     rtsv7M4_T_le_v4SPD16_eabi.lib : boot_cortex_m.c.obj (.stack)
                  20000004    000001fc     --HOLE--

__llvm_prf_cnts 
*          0    20000000    00000000     UNINITIALIZED

MODULE SUMMARY

       Module                         code    ro data   rw data
       ------                         ----    -------   -------
    .\
       Port.obj                       10258   0         5      
       Dio.obj                        780     0         5      
       tm4c123gh6pm_startup_ccs.obj   12      620       0      
       Port_PBcfg.obj                 0       258       0      
       Os.obj                         168     0         2      
       Gpt.obj                        124     0         4      
       Button.obj                     124     0         3      
       App.obj                        92      0         2      
       Led.obj                        62      0         0      
       Mcu.obj                        32      0         0      
       Det.obj                        22      0         0      
       main.obj                       10      0         0      
       Dio_PBcfg.obj                  0       4         0      
    +--+------------------------------+-------+---------+---------+
       Total:                         11684   882       21     
                                                               
    C:\ti\ccs1270\ccs\tools\compiler\ti-cgt-arm_20.2.7.LTS\lib\rtsv7M4_T_le_v4SPD16_eabi.lib
       memcpy_t2.asm.obj              156     0         0      
       copy_decompress_lzss.c.obj     104     0         0      
       autoinit.c.obj                 68      0         0      
       boot_cortex_m.c.obj            52      0         0      
       copy_decompress_none.c.obj     14      0         0      
       exit.c.obj                     4       0         0      
       pre_init.c.obj                 4       0         0      
    +--+------------------------------+-------+---------+---------+
       Total:                         402     0         0      
                                                               
       Stack:                         0       0         512    
       Linker Generated:              0       30        0      
    +--+------------------------------+-------+---------+---------+
       Grand Total:                   12086   912       533    


LINKER GENERATED COPY TABLES

__TI_cinit_table @ 000032c8 records: 1, size/record: 8, table size: 8
	.data: load addr=000032b0, load size=0000000e bytes, run addr=20000200, run size=00000016 bytes, compression=lzss


LINKER GENERATED HANDLER TABLE

__TI_handler_table @ 000032c0 records: 2, size/record: 4, table size: 8
	index: 0, handler: __TI_decompress_lzss
	index: 1, handler: __TI_decompress_none


GLOBAL SYMBOLS: SORTED ALPHABETICALLY BY Name 

address   name                          
-------   ----                          
00003055  App_Task                      
00002ed1  Button_GetState               
00002ed7  Button_RefreshState           
00003045  Button_Task                   
000031a3  C$$EXIT                       
00003165  Det_ReportError               
000032a8  Dio_Configuration             
00002c5f  Dio_FlipChannel               
00002a81  Dio_Init                      
00002b85  Dio_ReadChannel               
00002aa5  Dio_WriteChannel              
00003031  Init_Task                     
000030e9  Led_RefreshOutput             
000030dd  Led_SetOff                    
000030d1  Led_SetOn                     
0000304d  Led_Task                      
00003101  Led_Toggle                    
00003145  Mcu_Init                      
00002da7  Os_NewTimerTick               
00002db7  Os_Scheduler                  
00002d8d  Os_start                      
000031a6  Port_Configuration            
0000183d  Port_GetVersionInfo           
0000026d  Port_Init                     
0000171d  Port_RefreshPortDirection     
000015e9  Port_SetPinDirection          
00001879  Port_SetPinMode               
00003189  ResetISR                      
00002f4d  SysTick_Handler               
00002fa5  SysTick_SetCallBack           
00002f5d  SysTick_Start                 
00002f9d  SysTick_Stop                  
20000200  __STACK_END                   
00000200  __STACK_SIZE                  
20000200  __STACK_TOP                   
000032c8  __TI_CINIT_Base               
000032d0  __TI_CINIT_Limit              
000032c0  __TI_Handler_Table_Base       
000032c8  __TI_Handler_Table_Limit      
0000308d  __TI_auto_init_nobinit_nopinit
00002fc9  __TI_decompress_lzss          
0000317b  __TI_decompress_none          
ffffffff  __TI_pprof_out_hndl           
ffffffff  __TI_prof_data_size           
ffffffff  __TI_prof_data_start          
00000000  __TI_static_base__            
00002e35  __aeabi_memcpy                
00002e35  __aeabi_memcpy4               
00002e35  __aeabi_memcpy8               
ffffffff  __binit__                     
ffffffff  __c_args__                    
UNDEFED   __mpu_init                    
20000000  __stack                       
20000000  __start___llvm_prf_cnts       
20000000  __stop___llvm_prf_cnts        
00003111  _c_int00_noargs               
UNDEFED   _system_post_cinit            
0000319f  _system_pre_init              
000031a3  abort                         
ffffffff  binit                         
00000000  g_pfnVectors                  
00003195  main                          
00002e35  memcpy                        


GLOBAL SYMBOLS: SORTED BY Symbol Address 

address   name                          
-------   ----                          
00000000  __TI_static_base__            
00000000  g_pfnVectors                  
00000200  __STACK_SIZE                  
0000026d  Port_Init                     
000015e9  Port_SetPinDirection          
0000171d  Port_RefreshPortDirection     
0000183d  Port_GetVersionInfo           
00001879  Port_SetPinMode               
00002a81  Dio_Init                      
00002aa5  Dio_WriteChannel              
00002b85  Dio_ReadChannel               
00002c5f  Dio_FlipChannel               
00002d8d  Os_start                      
00002da7  Os_NewTimerTick               
00002db7  Os_Scheduler                  
00002e35  __aeabi_memcpy                
00002e35  __aeabi_memcpy4               
00002e35  __aeabi_memcpy8               
00002e35  memcpy                        
00002ed1  Button_GetState               
00002ed7  Button_RefreshState           
00002f4d  SysTick_Handler               
00002f5d  SysTick_Start                 
00002f9d  SysTick_Stop                  
00002fa5  SysTick_SetCallBack           
00002fc9  __TI_decompress_lzss          
00003031  Init_Task                     
00003045  Button_Task                   
0000304d  Led_Task                      
00003055  App_Task                      
0000308d  __TI_auto_init_nobinit_nopinit
000030d1  Led_SetOn                     
000030dd  Led_SetOff                    
000030e9  Led_RefreshOutput             
00003101  Led_Toggle                    
00003111  _c_int00_noargs               
00003145  Mcu_Init                      
00003165  Det_ReportError               
0000317b  __TI_decompress_none          
00003189  ResetISR                      
00003195  main                          
0000319f  _system_pre_init              
000031a3  C$$EXIT                       
000031a3  abort                         
000031a6  Port_Configuration            
000032a8  Dio_Configuration             
000032c0  __TI_Handler_Table_Base       
000032c8  __TI_CINIT_Base               
000032c8  __TI_Handler_Table_Limit      
000032d0  __TI_CINIT_Limit              
20000000  __stack                       
20000000  __start___llvm_prf_cnts       
20000000  __stop___llvm_prf_cnts        
20000200  __STACK_END                   
20000200  __STACK_TOP                   
ffffffff  __TI_pprof_out_hndl           
ffffffff  __TI_prof_data_size           
ffffffff  __TI_prof_data_start          
ffffffff  __binit__                     
ffffffff  __c_args__                    
ffffffff  binit                         
UNDEFED   __mpu_init                    
UNDEFED   _system_post_cinit            

[63 symbols]
